../Core/Src/main.c:114:6:updateMotorAngles	16	static
../Core/Src/main.c:122:6:moveMotorAngles	16	static
../Core/Src/main.c:129:7:newVelocity	40	static
../Core/Src/main.c:154:6:approachMotorAngles	16	static
../Core/Src/main.c:169:5:main	16	static
../Core/Src/main.c:242:6:SystemClock_Config	80	static
../Core/Src/main.c:280:13:MX_TIM1_Init	96	static
../Core/Src/main.c:359:13:MX_TIM3_Init	64	static
../Core/Src/main.c:426:13:MX_TIM14_Init	40	static
../Core/Src/main.c:472:13:MX_USART2_UART_Init	8	static
../Core/Src/main.c:505:13:MX_DMA_Init	16	static
../Core/Src/main.c:523:13:MX_GPIO_Init	48	static
../Core/Src/main.c:554:6:HAL_UART_RxCpltCallback	32	static
../Core/Src/main.c:572:6:Error_Handler	8	static,ignoring_inline_asm
